1001,1000
1002,1001
1003,1002
1004,1003
1005,1004
1006,1005
1007,1006
1008,1007
1009,1008
1010,1009
1011,1010
1012,1011
1013,1012
1014,1013
1015,1014
1016,1015
1017,1016
1018,1017
1019,1018
1020,1019
1021,1020
1022,1021
1023,1022
1024,1023
1025,1024
1026,1025
1027,1026
1028,1027
1029,1028
1030,1029
1031,1030
1032,1031
1033,1032
1034,1033
1035,1034
1036,1035
1037,1036
1038,1037
1039,1038
1040,1039
1041,1040
1042,1041
1043,1042
1044,1043
1045,1044
1046,1045
1047,1046
1048,1047
1049,1048
1050,1049
1051,1050
1052,1051
1053,1052
1054,1053
1055,1054
1056,1055
1057,1056
1058,1057
1059,1058
1060,1059
1061,1060
1062,1061
1063,1062
1064,1063
1065,1064
1066,1065
1067,1066
1068,1067
1069,1068
1070,1069
1071,1070
1072,1071
1073,1072
1074,1073
1075,1074
1076,1075
1077,1076
1078,1077
1079,1078
1080,1079
1081,1080
1082,1081
1083,1082
1084,1083
1085,1084
1086,1085
1087,1086
1088,1087
1089,1088
1090,1089
1091,1090
1092,1091
1093,1092
1094,1093
1095,1094
1096,1095
1097,1096
1098,1097
1099,1098
1100,1099
1101,1100
1102,1101
1103,1102
1104,1103
1105,1104
1106,1105
1107,1106
1108,1107
1109,1108
1110,1109
1111,1110
1112,1111
1113,1112
1114,1113
1115,1114
1116,1115
1117,1116
1118,1117
1119,1118
1120,1119
1121,1120
1122,1121
1123,1122
1124,1123
1125,1124
1126,1125
1127,1126
1128,1127
1129,1128
1130,1129
1131,1130
1132,1131
1133,1132
1134,1133
1135,1134
1136,1135
1137,1136
1138,1137
1139,1138
1140,1139
1141,1140
1142,1141
1143,1142
1144,1143
1145,1144
1146,1145
1147,1146
1148,1147
1149,1148
1150,1149
1151,1150
1152,1151
1153,1152
1154,1153
1155,1154
1156,1155
1157,1156
1158,1157
1159,1158
1160,1159
1161,1160
1162,1161
1163,1162
1164,1163
1165,1164
1166,1165
1167,1166
1168,1167
1169,1168
1170,1169
1171,1170
1172,1171
1173,1172
1174,1173
1175,1174
1176,1175
1177,1176
1178,1177
1179,1178
1180,1179
1181,1180
1182,1181
1183,1182
1184,1183
1185,1184
1186,1185
1187,1186
1188,1187
1189,1188
1190,1189
1191,1190
1192,1191
1193,1192
1194,1193
1195,1194
1196,1195
1197,1196
1198,1197
1199,1198
1200,1199
1201,1200
1202,1201
1203,1202
1204,1203
1205,1204
1206,1205
1207,1206
1208,1207
1209,1208
1210,1209
1211,1210
1212,1211
1213,1212
1214,1213
1215,1214
1216,1215
1217,1216
1218,1217
1219,1218
1220,1219
1221,1220
1222,1221
1223,1222
1224,1223
1225,1224
1226,1225
1227,1226
1228,1227
1229,1228
1230,1229
1231,1230
1232,1231
1233,1232
1234,1233
1235,1234
1236,1235
1237,1236
1238,1237
1239,1238
1240,1239
1241,1240
1242,1241
1243,1242
1244,1243
1245,1244
1246,1245
1247,1246
1248,1247
1249,1248
1250,1249
1251,1250
1252,1251
1253,1252
1254,1253
1255,1254
1256,1255
1257,1256
1258,1257
1259,1258
1260,1259
1261,1260
1262,1261
1263,1262
1264,1263
1265,1264
1266,1265
1267,1266
1268,1267
1269,1268
1270,1269
1271,1270
1272,1271
1273,1272
1274,1273
1275,1274
1276,1275
1277,1276
1278,1277
1279,1278
1280,1279
1281,1280
1282,1281
1283,1282
1284,1283
1285,1284
1286,1285
1287,1286
1288,1287
1289,1288
1290,1289
1291,1290
1292,1291
1293,1292
1294,1293
1295,1294
1296,1295
1297,1296
1298,1297
1299,1298
1300,1299
1301,1300
1302,1301
1303,1302
1304,1303
1305,1304
1306,1305
1307,1306
1308,1307
1309,1308
1310,1309
1311,1310
1312,1311
1313,1312
1314,1313
1315,1314
1316,1315
1317,1316
1318,1317
1319,1318
1320,1319
1321,1320
1322,1321
1323,1322
1324,1323
1325,1324
1326,1325
1327,1326
1328,1327
1329,1328
1330,1329
1331,1330
1332,1331
1333,1332
1334,1333
1335,1334
1336,1335
1337,1336
1338,1337
1339,1338
1340,1339
1341,1340
1342,1341
1343,1342
1344,1343
1345,1344
1346,1345
1347,1346
1348,1347
1349,1348
1350,1349
1351,1350
1352,1351
1353,1352
1354,1353
1355,1354
1356,1355
1357,1356
1358,1357
1359,1358
1360,1359
1361,1360
1362,1361
1363,1362
1364,1363
1365,1364
1366,1365
1367,1366
1368,1367
1369,1368
1370,1369
1371,1370
1372,1371
1373,1372
1374,1373
1375,1374
1376,1375
1377,1376
1378,1377
1379,1378
1380,1379
1381,1380
1382,1381
1383,1382
1384,1383
1385,1384
1386,1385
1387,1386
1388,1387
1389,1388
1390,1389
1391,1390
1392,1391
1393,1392
1394,1393
1395,1394
1396,1395
1397,1396
1398,1397
1399,1398
1400,1399
1401,1400
1402,1401
1403,1402
1404,1403
1405,1404
1406,1405
1407,1406
1408,1407
1409,1408
1410,1409
1411,1410
1412,1411
1413,1412
1414,1413
1415,1414
1416,1415
1417,1416
1418,1417
1419,1418
1420,1419
1421,1420
1422,1421
1423,1422
1424,1423
1425,1424
1426,1425
1427,1426
1428,1427
1429,1428
1430,1429
1431,1430
1432,1431
1433,1432
1434,1433
1435,1434
1436,1435
1437,1436
1438,1437
1439,1438
1440,1439
1441,1440
1442,1441
1443,1442
1444,1443
1445,1444
1446,1445
1447,1446
1448,1447
1449,1448
1450,1449
1451,1450
1452,1451
1453,1452
1454,1453
1455,1454
1456,1455
1457,1456
1458,1457
1459,1458
1460,1459
1461,1460
1462,1461
1463,1462
1464,1463
1465,1464
1466,1465
1467,1466
1468,1467
1469,1468
1470,1469
1471,1470
1472,1471
1473,1472
1474,1473
1475,1474
1476,1475
1477,1476
1478,1477
1479,1478
1480,1479
1481,1480
1482,1481
1483,1482
1484,1483
1485,1484
1486,1485
1487,1486
1488,1487
1489,1488
1490,1489
1491,1490
1492,1491
1493,1492
1494,1493
1495,1494
1496,1495
1497,1496
1498,1497
1499,1498
1500,1499
1501,1500
1502,1501
1503,1502
1504,1503
1505,1504
1506,1505
1507,1506
1508,1507
1509,1508
1510,1509
1511,1510
1512,1511
1513,1512
1514,1513
1515,1514
1516,1515
1517,1516
1518,1517
1519,1518
1520,1519
1521,1520
1522,1521
1523,1522
1524,1523
1525,1524
1526,1525
1527,1526
1528,1527
1529,1528
1530,1529
1531,1530
1532,1531
1533,1532
1534,1533
1535,1534
1536,1535
1537,1536
1538,1537
1539,1538
1540,1539
1541,1540
1542,1541
1543,1542
1544,1543
1545,1544
1546,1545
1547,1546
1548,1547
1549,1548
1550,1549
1551,1550
1552,1551
1553,1552
1554,1553
1555,1554
1556,1555
1557,1556
1558,1557
1559,1558
1560,1559
1561,1560
1562,1561
1563,1562
1564,1563
1565,1564
1566,1565
1567,1566
1568,1567
1569,1568
1570,1569
1571,1570
1572,1571
1573,1572
1574,1573
1575,1574
1576,1575
1577,1576
1578,1577
1579,1578
1580,1579
1581,1580
1582,1581
1583,1582
1584,1583
1585,1584
1586,1585
1587,1586
1588,1587
1589,1588
1590,1589
1591,1590
1592,1591
1593,1592
1594,1593
1595,1594
1596,1595
1597,1596
1598,1597
1599,1598
1600,1599
1601,1600
1602,1601
1603,1602
1604,1603
1605,1604
1606,1605
1607,1606
1608,1607
1609,1608
1610,1609
1611,1610
1612,1611
1613,1612
1614,1613
1615,1614
1616,1615
1617,1616
1618,1617
1619,1618
1620,1619
1621,1620
1622,1621
1623,1622
1624,1623
1625,1624
1626,1625
1627,1626
1628,1627
1629,1628
1630,1629
1631,1630
1632,1631
1633,1632
1634,1633
1635,1634
1636,1635
1637,1636
1638,1637
1639,1638
1640,1639
1641,1640
1642,1641
1643,1642
1644,1643
1645,1644
1646,1645
1647,1646
1648,1647
1649,1648
1650,1649
1651,1650
1652,1651
1653,1652
1654,1653
1655,1654
1656,1655
1657,1656
1658,1657
1659,1658
1660,1659
1661,1660
1662,1661
1663,1662
1664,1663
1665,1664
1666,1665
1667,1666
1668,1667
1669,1668
1670,1669
1671,1670
1672,1671
1673,1672
1674,1673
1675,1674
1676,1675
1677,1676
1678,1677
1679,1678
1680,1679
1681,1680
1682,1681
1683,1682
1684,1683
1685,1684
1686,1685
1687,1686
1688,1687
1689,1688
1690,1689
1691,1690
1692,1691
1693,1692
1694,1693
1695,1694
1696,1695
1697,1696
1698,1697
1699,1698
1700,1699
1701,1700
1702,1701
1703,1702
1704,1703
1705,1704
1706,1705
1707,1706
1708,1707
1709,1708
1710,1709
1711,1710
1712,1711
1713,1712
1714,1713
1715,1714
1716,1715
1717,1716
1718,1717
1719,1718
1720,1719
1721,1720
1722,1721
1723,1722
1724,1723
1725,1724
1726,1725
1727,1726
1728,1727
1729,1728
1730,1729
1731,1730
1732,1731
1733,1732
1734,1733
1735,1734
1736,1735
1737,1736
1738,1737
1739,1738
1740,1739
1741,1740
1742,1741
1743,1742
1744,1743
1745,1744
1746,1745
1747,1746
1748,1747
1749,1748
1750,1749
1751,1750
1752,1751
1753,1752
1754,1753
1755,1754
1756,1755
1757,1756
1758,1757
1759,1758
1760,1759
1761,1760
1762,1761
1763,1762
1764,1763
1765,1764
1766,1765
1767,1766
1768,1767
1769,1768
1770,1769
1771,1770
1772,1771
1773,1772
1774,1773
1775,1774
1776,1775
1777,1776
1778,1777
1779,1778
1780,1779
1781,1780
1782,1781
1783,1782
1784,1783
1785,1784
1786,1785
1787,1786
1788,1787
1789,1788
1790,1789
1791,1790
1792,1791
1793,1792
1794,1793
1795,1794
1796,1795
1797,1796
1798,1797
1799,1798
1800,1799
1801,1800
1802,1801
1803,1802
1804,1803
1805,1804
1806,1805
1807,1806
1808,1807
1809,1808
1810,1809
1811,1810
1812,1811
1813,1812
1814,1813
1815,1814
1816,1815
1817,1816
1818,1817
1819,1818
1820,1819
1821,1820
1822,1821
1823,1822
1824,1823
1825,1824
1826,1825
1827,1826
1828,1827
1829,1828
1830,1829
1831,1830
1832,1831
1833,1832
1834,1833
1835,1834
1836,1835
1837,1836
1838,1837
1839,1838
1840,1839
1841,1840
1842,1841
1843,1842
1844,1843
1845,1844
1846,1845
1847,1846
1848,1847
1849,1848
1850,1849
1851,1850
1852,1851
1853,1852
1854,1853
1855,1854
1856,1855
1857,1856
1858,1857
1859,1858
1860,1859
1861,1860
1862,1861
1863,1862
1864,1863
1865,1864
1866,1865
1867,1866
1868,1867
1869,1868
1870,1869
1871,1870
1872,1871
1873,1872
1874,1873
1875,1874
1876,1875
1877,1876
1878,1877
1879,1878
1880,1879
1881,1880
1882,1881
1883,1882
1884,1883
1885,1884
1886,1885
1887,1886
1888,1887
1889,1888
1890,1889
1891,1890
1892,1891
1893,1892
1894,1893
1895,1894
1896,1895
1897,1896
1898,1897
1899,1898
1900,1899
1901,1900
1902,1901
1903,1902
1904,1903
1905,1904
1906,1905
1907,1906
1908,1907
1909,1908
1910,1909
1911,1910
1912,1911
1913,1912
1914,1913
1915,1914
1916,1915
1917,1916
1918,1917
1919,1918
1920,1919
1921,1920
1922,1921
1923,1922
1924,1923
1925,1924
1926,1925
1927,1926
1928,1927
1929,1928
1930,1929
1931,1930
1932,1931
1933,1932
1934,1933
1935,1934
1936,1935
1937,1936
1938,1937
1939,1938
1940,1939
1941,1940
1942,1941
1943,1942
1944,1943
1945,1944
1946,1945
1947,1946
1948,1947
1949,1948
1950,1949
1951,1950
1952,1951
1953,1952
1954,1953
1955,1954
1956,1955
1957,1956
1958,1957
1959,1958
1960,1959
1961,1960
1962,1961
1963,1962
1964,1963
1965,1964
1966,1965
1967,1966
1968,1967
1969,1968
1970,1969
1971,1970
1972,1971
1973,1972
1974,1973
1975,1974
1976,1975
1977,1976
1978,1977
1979,1978
1980,1979
1981,1980
1982,1981
1983,1982
1984,1983
1985,1984
1986,1985
1987,1986
1988,1987
1989,1988
1990,1989
1991,1990
1992,1991
1993,1992
1994,1993
1995,1994
1996,1995
1997,1996
1998,1997
1999,1998
2000,1999
2001,2000
2002,2001
2003,2002
2004,2003
2005,2004
2006,2005
2007,2006
2008,2007
2009,2008
2010,2009
2011,2010
2012,2011
2013,2012
2014,2013
2015,2014
2016,2015
2017,2016
2018,2017
2019,2018
2020,2019
2021,2020
2022,2021
2023,2022
2024,2023
2025,2024
2026,2025
2027,2026
2028,2027
2029,2028
2030,2029
2031,2030
2032,2031
2033,2032
2034,2033
2035,2034
2036,2035
2037,2036
2038,2037
2039,2038
2040,2039
2041,2040
2042,2041
2043,2042
2044,2043
2045,2044
2046,2045
2047,2046
2048,2047
2049,2048
2050,2049
2051,2050
2052,2051
2053,2052
2054,2053
2055,2054
2056,2055
2057,2056
2058,2057
2059,2058
2060,2059
2061,2060
2062,2061
2063,2062
2064,2063
2065,2064
2066,2065
2067,2066
2068,2067
2069,2068
2070,2069
2071,2070
2072,2071
2073,2072
2074,2073
2075,2074
2076,2075
2077,2076
2078,2077
2079,2078
2080,2079
2081,2080
2082,2081
2083,2082
2084,2083
2085,2084
2086,2085
2087,2086
2088,2087
2089,2088
2090,2089
2091,2090
2092,2091
2093,2092
2094,2093
2095,2094
2096,2095
2097,2096
2098,2097
2099,2098
2100,2099
2101,2100
2102,2101
2103,2102
2104,2103
2105,2104
2106,2105
2107,2106
2108,2107
2109,2108
2110,2109
2111,2110
2112,2111
2113,2112
2114,2113
2115,2114
2116,2115
2117,2116
2118,2117
2119,2118
2120,2119
2121,2120
2122,2121
2123,2122
2124,2123
2125,2124
2126,2125
2127,2126
2128,2127
2129,2128
2130,2129
2131,2130
2132,2131
2133,2132
2134,2133
2135,2134
2136,2135
2137,2136
2138,2137
2139,2138
2140,2139
2141,2140
2142,2141
2143,2142
2144,2143
2145,2144
2146,2145
2147,2146
2148,2147
2149,2148
2150,2149
2151,2150
2152,2151
2153,2152
2154,2153
2155,2154
2156,2155
2157,2156
2158,2157
2159,2158
2160,2159
2161,2160
2162,2161
2163,2162
2164,2163
2165,2164
2166,2165
2167,2166
2168,2167
2169,2168
2170,2169
2171,2170
2172,2171
2173,2172
2174,2173
2175,2174
2176,2175
2177,2176
2178,2177
2179,2178
2180,2179
2181,2180
2182,2181
2183,2182
2184,2183
2185,2184
2186,2185
2187,2186
2188,2187
2189,2188
2190,2189
2191,2190
2192,2191
2193,2192
2194,2193
2195,2194
2196,2195
2197,2196
2198,2197
2199,2198
2200,2199
2201,2200
2202,2201
2203,2203
2205,2204
2206,2206
2208,2207
2209,2208
2210,2210
2211,2211
2213,2212
2214,2213
2215,2215
2217,2216
2218,2217
2219,2219
2221,2220
2222,2222
2224,2223
2225,2224
2226,2226
2228,2227
2229,2228
2230,2230
2232,2231
2233,2232
2234,2234
2236,2235
2237,2236
2238,2238
2240,2239
2241,2240
2242,2242
2244,2243
2245,2244
2246,2246
2248,2247
2249,2248
2250,2250
2251,2251
2253,2252
2254,2254
2255,2255
2257,2256
2258,2257
2259,2259
2261,2260
2262,2261
2263,2263
2265,2264
2266,2265
2267,2267
2269,2268
2270,2269
2271,2271
2273,2272
2274,2274
2276,2275
2277,2276
2278,2278
2280,2279
2281,2280
2282,2282
2283,2283
2285,2284
2286,2285
2287,2287
2289,2288
2290,2289
2291,2291
2292,2292
2294,2293
2295,2295
2296,2296
2298,2297
2299,2299
2300,2300
2302,2301
2303,2302
2304,2304
2306,2305
2307,2306
2308,2308
2310,2309
2311,2311
2313,2312
2314,2313
2315,2315
2317,2316
2318,2317
2319,2319
2321,2320
2322,2321
2323,2323
2325,2324
2326,2325
2327,2327
2329,2328
2330,2330
2331,2331
2333,2332
2334,2334
2336,2335
2337,2336
2338,2338
2339,2339
2341,2340
2342,2341
2343,2343
2345,2344
2346,2345
2347,2347
2349,2348
2350,2349
2351,2351
2353,2352
2354,2353
2355,2355
2357,2356
2358,2358
2360,2359
2361,2360
2362,2362
2363,2363
2365,2364
2366,2365
2367,2367
2369,2368
2370,2369
2371,2371
2373,2372
2374,2373
2375,2375
2377,2376
2378,2377
2379,2379
2381,2380
2382,2381
2383,2383
2385,2384
2386,2385
2387,2387
2389,2388
2390,2389
2391,2391
2393,2392
2394,2393
2395,2395
2397,2396
2398,2397
2399,2399
2401,2400
2402,2401
2403,2403
2405,2404
2406,2405
2407,2406
2408,2407
2409,2408
2410,2409
2411,2410
2412,2411
2413,2412
2414,2413
2415,2414
2416,2415
2417,2416
2418,2417
2419,2418
2420,2419
2421,2420
2422,2421
2423,2422
2424,2423
2425,2424
2426,2425
2427,2426
2428,2427
2429,2428
2430,2429
2431,2430
2432,2431
2433,2432
2434,2433
2435,2434
2436,2435
2437,2436
2438,2437
2439,2438
2440,2439
2441,2440
2442,2441
2443,2442
2444,2443
2445,2444
2446,2445
2447,2446
2448,2447
2449,2448
2450,2449
2451,2450
2452,2451
2453,2452
2454,2453
2455,2454
2456,2455
2457,2456
2458,2457
2459,2458
2460,2459
2461,2460
2462,2461
2463,2462
2464,2463
2465,2464
2466,2465
2467,2466
2468,2467
2469,2468
2470,2469
2471,2470
2472,2471
2473,2472
2474,2473
2475,2474
2476,2475
2477,2476
2478,2477
2479,2478
2480,2479
2481,2480
2482,2481
2483,2482
2484,2483
2485,2484
2486,2485
2487,2486
2488,2487
2489,2488
2490,2489
2491,2490
2492,2491
2493,2492
2494,2493
2495,2494
2496,2495
2497,2496
2498,2497
2499,2498
2500,2499
2501,2500
2502,2501
2503,2502
2504,2503
2505,2504
2506,2505
2507,2506
2508,2507
2509,2508
2510,2509
2511,2510
2512,2511
2513,2512
2514,2513
2515,2514
2516,2515
2517,2516
2518,2517
2519,2518
2520,2519
2521,2520
2522,2521
2523,2522
2524,2523
2525,2524
2526,2525
2527,2526
2528,2527
2529,2528
2530,2529
2531,2530
2532,2531
2533,2532
2534,2533
2535,2534
2536,2535
2537,2536
2538,2537
2539,2538
2540,2539
2541,2540
2542,2541
2543,2542
2544,2543
2545,2544
2546,2545
2547,2546
2548,2547
2549,2548
2550,2549
2551,2550
2552,2551
2553,2552
2554,2553
2555,2554
2556,2555
2557,2556
2558,2557
2559,2558
2560,2559
2561,2560
2562,2561
2563,2562
2564,2563
2565,2564
2566,2565
2567,2566
2568,2567
2569,2568
2570,2569
2571,2570
2572,2571
2573,2572
2574,2573
2575,2574
2576,2575
2577,2576
2578,1000
2579,2577
2580,2578
2581,2579
2582,2580
2583,2581
2584,2582
2585,2583
2586,2584
2587,2585
2588,2586
2589,2587
2590,2588
2591,2589
2592,2590
2593,1001
2594,2591
2595,2592
2596,2593
2597,2594
2598,2595
2599,1002
2600,2596
2601,2597
2602,2598
2603,2599
2604,2600
2605,2601
2606,2602
2607,2603
2608,2604
2609,2605
2610,2606
2611,2607
2612,2608
2613,1003
2614,2609
2615,2610
2616,2611
2617,2612
2618,2613
2619,2614
2620,2615
2621,2616
2622,2617
2623,1004
2624,2618
2625,2619
2626,2620
2627,2621
2628,2622
2629,2623
2630,2624
2631,2625
2632,2626
2633,2627
2634,2628
2635,1005
2636,2629
2637,1006
2638,2630
2639,2631
2640,1008
2641,2632
2642,2633
2643,1010
2644,1007
2645,1009
2646,2634
2647,2635
2648,2636
2649,1014
2650,2637
2651,2638
2652,1012
2653,1013
2654,1011
2655,2639
2656,1015
2657,2640
2658,2641
2659,1016
2660,1019
2661,1017
2662,2642
2663,1020
2664,2643
2665,1018
2666,2644
2667,1021
2668,1024
2669,2645
2670,2646
2671,1025
2672,1023
2673,2647
2674,2648
2675,2649
2676,1022
2677,2650
2678,2651
2679,2652
2680,2653
2681,2654
2682,2655
2683,2656
2684,2657
2685,2658
2686,2659
2687,2660
2688,2661
2689,2662
2690,2663
2691,2664
2692,2665
2693,2666
2694,2667
2695,1026
2696,1030
2697,2668
2698,1028
2699,1029
2700,1027
2701,2669
2702,2670
2703,2671
2704,2672
2705,1033
2706,2673
2707,1032
2708,2674
2709,1034
2710,1035
2711,2675
2712,2676
2713,2677
2714,1036
2715,2678
2716,2679
2717,1037
2718,1039
2719,2680
2720,2681
2721,1040
2722,1038
2723,2682
2724,2683
2725,2684
2726,2685
2727,2686
2728,2687
2729,2688
2730,2689
2731,2690
2732,1044
2733,1043
2734,2691
2735,2692
2736,2693
2737,1045
2738,1041
2739,2694
2740,2695
2741,1046
2742,2696
2743,1048
2744,2697
2745,2698
2746,1050
2747,1047
2748,1049
2749,2699
2750,2700
2751,1052
2752,1054
2753,2701
2754,1051
2755,1055
2756,2702
2757,1056
2758,2703
2759,2704
2760,1059
2761,2705
2762,1060
2763,1058
2764,1061
2765,2706
2766,1057
2767,2707
2768,2708
2769,2709
2770,2710
2771,2711
2772,2712
2773,2713
2774,1064
2775,2714
2776,1065
2777,1066
2778,1062
2779,1063
2780,2715
2781,1069
2782,1068
2783,2716
2784,1071
2785,1070
2786,2717
2787,2718
2788,2719
2789,1067
2790,2720
2791,2721
2792,2722
2793,2723
2794,2724
2795,2725
2796,2726
2797,2727
2798,2728
2799,2729
2800,2730
2801,2731
2802,2732
2803,2733
2804,2734
2805,2735
2806,2736
2807,2737
2808,2738
2809,2739
2810,2740
2811,2741
2812,2742
2813,2743
2814,2744
2815,2745
2816,2746
2817,2747
2818,2748
2819,2749
2820,2750
2821,2751
2822,1072
2823,1076
2824,2752
2825,1074
2826,1073
2827,2753
2828,1075
2829,2754
2830,2755
2831,2756
2832,2757
2833,2758
2834,2759
2835,2760
2836,2761
2837,2762
2838,2763
2839,2764
2840,2765
2841,2766
2842,2767
2843,2768
2844,2769
2845,2770
2846,2771
2847,2772
2848,2773
2849,2774
2850,2775
2851,2776
2852,2777
2853,2778
2854,2779
2855,2780
2856,2781
2857,2782
2858,2783
2859,2784
2860,2785
2861,2786
2862,2787
2863,2788
2864,2789
2865,2790
2866,2791
2867,2792
2868,2793
2869,2794
2870,2795
2871,2796
2872,2797
2873,2798
2874,2799
2875,2800
2876,2801
2877,2802
2878,2803
2879,2804
2880,2805
2881,2806
2882,2807
2883,2808
2884,2809
2885,2810
2886,2811
2887,2812
2888,2813
2889,2814
2890,2815
2891,2816
2892,2817
2893,2818
2894,2819
2895,2820
2896,2821
2897,2822
2898,2823
2899,2824
2900,2825
2901,2826
2902,2827
2903,2828
2904,2829
2905,2830
2906,2831
2907,2832
2908,2833
2909,2834
2910,2835
2911,2836
2912,2837
2913,2838
2914,2839
2915,2840
2916,2841
2917,2842
2918,2843
2919,1078
2920,1077
2921,1079
2922,2844
2923,1081
2924,2845
2925,2846
2926,1080
2927,2847
2928,2848
2929,1083
2930,2849
2931,1085
2932,1090
2933,2850
2934,1087
2935,1082
2936,1091
2937,1088
2938,2851
2939,2852
2940,2853
2941,2854
2942,1089
2943,1084
2944,1086
2945,2855
2946,2856
2947,2857
2948,2858
2949,1093
2950,2859
2951,2860
2952,1097
2953,1092
2954,1096
2955,2861
2956,1095
2957,1094
2958,1098
2959,2862
2960,2863
2961,2864
2962,1100
2963,2865
2964,2866
2965,2867
2966,1113
2967,1111
2968,2868
2969,2869
2970,1114
2971,1112
2972,2870
2973,2871
2974,2872
2975,1115
2976,1118
2977,2873
2978,1120
2979,1116
2980,2874
2981,1119
2982,2875
2983,2876
2984,2877
2985,1117
2986,2878
2987,1122
2988,2879
2989,2880
2990,1124
2991,1123
2992,1125
2993,1121
2994,2881
2995,2882
2996,2883
2997,1129
2998,1127
2999,1126
3000,2884
3001,2885
3002,1128
3003,2886
3004,1130
3005,2887
3006,2888
3007,2889
3008,1131
3009,2890
3010,2891
3011,2892
3012,1134
3013,1135
3014,1133
3015,1132
3016,2893
3017,2894
3018,1136
3019,1138
3020,2895
3021,1137
3022,2896
3023,1139
3024,2897
3025,1140
3026,1142
3027,1144
3028,2898
3029,1145
3030,1141
3031,2899
3032,2900
3033,1143
3034,2901
3035,2902
3036,1148
3037,2903
3038,2904
3039,2905
3040,1149
3041,2906
3042,1147
3043,2907
3044,1146
3045,1150
3046,1153
3047,2908
3048,2909
3049,2910
3050,1155
3051,2911
3052,1154
3053,1151
3054,1152
3055,2912
3056,1157
3057,2913
3058,1159
3059,1156
3060,2914
3061,1158
3062,2915
3063,2916
3064,2917
3065,1160
3066,1165
3067,2918
3068,2919
3069,1161
3070,2920
3071,1163
3072,2921
3073,1162
3074,2922
3075,1164
3076,2923
3077,2924
3078,1167
3079,1168
3080,1170
3081,2925
3082,2926
3083,1169
3084,1166
3085,2927
3086,2928
3087,1175
3088,1171
3089,2929
3090,1173
3091,2930
3092,2931
3093,1172
3094,2932
3095,1174
3096,1177
3097,2933
3098,1178
3099,2934
3100,2935
3101,1180
3102,2936
3103,1179
3104,2937
3105,1176
3106,1181
3107,2938
3108,1182
3109,1184
3110,2939
3111,1183
3112,2940
3113,1185
3114,2941
3115,2942
3116,2943
3117,1187
3118,1189
3119,1186
3120,2944
3121,2945
3122,1188
3123,1190
3124,2946
3125,2947
3126,2948
3127,1195
3128,1192
3129,1193
3130,2949
3131,1194
3132,2950
3133,1191
3134,2951
3135,2952
3136,1196
3137,1199
3138,2953
3139,1200
3140,2954
3141,2955
3142,1198
3143,1197
3144,2956
3145,2957
3146,2958
3147,2959
3148,2960
3149,2961
3150,2962
3151,2963
3152,1201
3153,1202
3154,1204
3155,1203
3156,1208
3157,2964
3158,2965
3159,1206
3160,2966
3161,2967
3162,1207
3163,1205
3164,2968
3165,1212
3166,1214
3167,1213
3168,1210
3169,2969
3170,2970
3171,2971
3172,1211
3173,2972
3174,2973
3175,1216
3176,2974
3177,1219
3178,2975
3179,1217
3180,2976
3181,1218
3182,2977
3183,1215
3184,2978
3185,2979
3186,1220
3187,1223
3188,2980
3189,2981
3190,2982
3191,2983
3192,1221
3193,1222
3194,2984
3195,2985
3196,2986
3197,1235
3198,2987
3199,2988
3200,1237
3201,1234
3202,2989
3203,1233
3204,2990
3205,1239
3206,1242
3207,1240
3208,2991
3209,2992
3210,2993
3211,1238
3212,2994
3213,2995
3214,2996
3215,2997
3216,1243
3217,2998
3218,2999
3219,1244
3220,1247
3221,1246
3222,1245
3223,3000
3224,1249
3225,1248
3226,3001
3227,1251
3228,1252
3229,3002
3230,3003
3231,3004
3232,1250
3233,1257
3234,3005
3235,1254
3236,1253
3237,3006
3238,1255
3239,3007
3240,1256
3241,3008
3242,3009
3243,1261
3244,1260
3245,3010
3246,1259
3247,3011
3248,3012
3249,1258
3250,1262
3251,3013
3252,3014
3253,3015
3254,3016
3255,3017
3256,1265
3257,1266
3258,3018
3259,1267
3260,3019
3261,1264
3262,1263
3263,1271
3264,3020
3265,3021
3266,1268
3267,1272
3268,3022
3269,1270
3270,3023
3271,3024
3272,1269
3273,1273
3274,1276
3275,1277
3276,3025
3277,1275
3278,3026
3279,1274
3280,3027
3281,3028
3282,3029
3283,1279
3284,1278
3285,1282
3286,3030
3287,3031
3288,1281
3289,3032
3290,1280
3291,3033
3292,3034
3293,1286
3294,1285
3295,1287
3296,1284
3297,3035
3298,3036
3299,3037
3300,1283
3301,3038
3302,3039
3303,3040
3304,1291
3305,3041
3306,1290
3307,3042
3308,3043
3309,1288
3310,3044
3311,1292
3312,1289
3313,1293
3314,1295
3315,3045
3316,3046
3317,1294
3318,1296
3319,3047
3320,3048
3321,3049
3322,1297
3323,3050
3324,3051
3325,1300
3326,1299
3327,3052
3328,3053
3329,1298
3330,1301
3331,3054
3332,3055
3333,3056
3334,3057
3335,3058
3336,3059
3337,3060
3338,3061
3339,3062
3340,3063
3341,1303
3342,3064
3343,3065
3344,3066
3345,1306
3346,1307
3347,3067
3348,1305
3349,1304
3350,1308
3351,3068
3352,3069
3353,3070
3354,1312
3355,3071
3356,3072
3357,3073
3358,1310
3359,1313
3360,3074
3361,1309
3362,1311
3363,3075
3364,1314
3365,3076
3366,3077
3367,1316
3368,1318
3369,1315
3370,3078
3371,3079
3372,1317
3373,1319
3374,3080
3375,1321
3376,3081
3377,1320
3378,1322
3379,3082
3380,3083
3381,1323
3382,3084
3383,1326
3384,1325
3385,3085
3386,1302
3387,3086
3388,3087
3389,3088
3390,1324
3391,1328
3392,3089
3393,3090
3394,3091
3395,3092
3396,3093
3397,1330
3398,1329
3399,1327
3400,1331
3401,3094
3402,1336
3403,3095
3404,1332
3405,3096
3406,3097
3407,1333
3408,1334
3409,1335
3410,3098
3411,1341
3412,1338
3413,3099
3414,3100
3415,3101
3416,3102
3417,1339
3418,1340
3419,1337
3420,3103
3421,3104
3422,3105
3423,1346
3424,3106
3425,1345
3426,3107
3427,1343
3428,3108
3429,1342
3430,1344
3431,3109
3432,3110
3433,3111
3434,1350
3435,1347
3436,1349
3437,3112
3438,3113
3439,1348
3440,1351
3441,3114
3442,1352
3443,1353
3444,1354
3445,3115
3446,1355
3447,1356
3448,3116
3449,3117
3450,1358
3451,3118
3452,3119
3453,3120
3454,3121
3455,1360
3456,1359
3457,1357
3458,1361
3459,3122
3460,1365
3461,3123
3462,1362
3463,1364
3464,3124
3465,3125
3466,3126
3467,1363
3468,3127
3469,1366
3470,1380
3471,3128
3472,1376
3473,3129
3474,1378
3475,3130
3476,1379
3477,3131
3478,3132
3479,1377
3480,3133
3481,1385
3482,1382
3483,3134
3484,3135
3485,1383
3486,1384
3487,3136
3488,3137
3489,1381
3490,3138
3491,1386
3492,1388
3493,3139
3494,3140
3495,3141
3496,3142
3497,1387
3498,1390
3499,1389
3500,3143
3501,3144
3502,1392
3503,1391
3504,3145
3505,3146
3506,1393
3507,1395
3508,3147
3509,1396
3510,3148
3511,1397
3512,1398
3513,1400
3514,3149
3515,1399
3516,3150
3517,3151
3518,3152
3519,3153
3520,1404
3521,1403
3522,3154
3523,1402
3524,3155
3525,3156
3526,1401
3527,3157
3528,1405
3529,3158
3530,1406
3531,3159
3532,3160
3533,3161
3534,3162
3535,3163
3536,1408
3537,1410
3538,1409
3539,3164
3540,1407
3541,1411
3542,3165
3543,3166
3544,3167
3545,1414
3546,3168
3547,3169
3548,3170
3549,1412
3550,1416
3551,3171
3552,1413
3553,3172
3554,3173
3555,3174
3556,1420
3557,1421
3558,1417
3559,3175
3560,1419
3561,1418
3562,3176
3563,3177
3564,1422
3565,3178
3566,3179
3567,1425
3568,3180
3569,3181
3570,1427
3571,1423
3572,1426
3573,3182
3574,1424
3575,1429
3576,1430
3577,3183
3578,3184
3579,1431
3580,3185
3581,3186
3582,1428
3583,3187
3584,1432
3585,3188
3586,1437
3587,3189
3588,1435
3589,1434
3590,1436
3591,3190
3592,3191
3593,1433
3594,3192
3595,1439
3596,3193
3597,1441
3598,1440
3599,3194
3600,3195
3601,3196
3602,3197
3603,1442
3604,1438
3605,1443
3606,3198
3607,3199
3608,1444
3609,3200
3610,3201
3611,1447
3612,3202
3613,1446
3614,1445
3615,1450
3616,1452
3617,1449
3618,3203
3619,1451
3620,3204
3621,3205
3622,3206
3623,3207
3624,1448
3625,3208
3626,3209
3627,1455
3628,1456
3629,3210
3630,1454
3631,1453
3632,3211
3633,1457
3634,3212
3635,3213
3636,3214
3637,3215
3638,1459
3639,3216
3640,1458
3641,3217
3642,1460
3643,1461
3644,1462
3645,3218
3646,1466
3647,3219
3648,1463
3649,1464
3650,1465
3651,3220
3652,1468
3653,1469
3654,1470
3655,1472
3656,3221
3657,3222
3658,3223
3659,3224
3660,3225
3661,1471
3662,1473
3663,3226
3664,3227
3665,3228
3666,3229
3667,3230
3668,3231
3669,3232
3670,3233
3671,3234
3672,1476
3673,3235
3674,1475
3675,3236
3676,1474
3677,3237
3678,3238
3679,1477
3680,1478
3681,3239
3682,1480
3683,1482
3684,3240
3685,3241
3686,3242
3687,1481
3688,3243
3689,1483
3690,1479
3691,1487
3692,1484
3693,1485
3694,3244
3695,3245
3696,3246
3697,1488
3698,1486
3699,3247
3700,3248
3701,1492
3702,1491
3703,3249
3704,1493
3705,3250
3706,3251
3707,3252
3708,3253
3709,1490
3710,1489
3711,3254
3712,1494
3713,3255
3714,3256
3715,3257
3716,1498
3717,1497
3718,3258
3719,1495
3720,1496
3721,1501
3722,1503
3723,1502
3724,1499
3725,1500
3726,1504
3727,3259
3728,3260
3729,3261
3730,3262
3731,1505
3732,3263
3733,1508
3734,1506
3735,1507
3736,3264
3737,1513
3738,1512
3739,1510
3740,3265
3741,3266
3742,3267
3743,3268
3744,1509
3745,1511
3746,1514
3747,3269
3748,1517
3749,1515
3750,1518
3751,3270
3752,3271
3753,3272
3754,1516
3755,3273
3756,3274
3757,1519
3758,1520
3759,3275
3760,1521
3761,3276
3762,1523
3763,1522
3764,3277
3765,3278
3766,3279
3767,3280
3768,1535
3769,1534
3770,1536
3771,3281
3772,3282
3773,1537
3774,3283
3775,1538
3776,1540
3777,3284
3778,1543
3779,1539
3780,1541
3781,3285
3782,3286
3783,3287
3784,3288
3785,1542
3786,1547
3787,1548
3788,1544
3789,3289
3790,3290
3791,1546
3792,3291
3793,1545
3794,3292
3795,1550
3796,3293
3797,3294
3798,1552
3799,1553
3800,1549
3801,3295
3802,1551
3803,3296
3804,3297
3805,1554
3806,1557
3807,3298
3808,1556
3809,3299
3810,3300
3811,3301
3812,1555
3813,3302
3814,1560
3815,3303
3816,3304
3817,3305
3818,1562
3819,1559
3820,1563
3821,3306
3822,1561
3823,3307
3824,1568
3825,1566
3826,3308
3827,3309
3828,1567
3829,3310
3830,3311
3831,1564
3832,1565
3833,3312
3834,3313
3835,1573
3836,1570
3837,1571
3838,3314
3839,1572
3840,1569
3841,3315
3842,3316
3843,3317
3844,1577
3845,3318
3846,1575
3847,3319
3848,1576
3849,1574
3850,1578
3851,3320
3852,3321
3853,3322
3854,3323
3855,1583
3856,1581
3857,1580
3858,1579
3859,3324
3860,1582
3861,3325
3862,3326
3863,3327
3864,3328
3865,1585
3866,1588
3867,3329
3868,3330
3869,1584
3870,3331
3871,1587
3872,1586
3873,3332
3874,1593
3875,3333
3876,1589
3877,3334
3878,3335
3879,1592
3880,1590
3881,3336
3882,1591
3883,3337
3884,3338
3885,1596
3886,1597
3887,3339
3888,3340
3889,3341
3890,1594
3891,1595
3892,1598
3893,3342
3894,1601
3895,3343
3896,1599
3897,3344
3898,1603
3899,3345
3900,1602
3901,3346
3902,1600
3903,3347
3904,3348
3905,3349
3906,1606
3907,1604
3908,3350
3909,1605
3910,3351
3911,1607
3912,3352
3913,3353
3914,3354
3915,1611
3916,1609
3917,1612
3918,3355
3919,1610
3920,3356
3921,1613
3922,3357
3923,3358
3924,1615
3925,1616
3926,1618
3927,3359
3928,1614
3929,3360
3930,3361
3931,1617
3932,3362
3933,1619
3934,1620
3935,3363
3936,1623
3937,3364
3938,3365
3939,1621
3940,1622
3941,3366
3942,3367
3943,3368
3944,1627
3945,1628
3946,1625
3947,3369
3948,1626
3949,3370
3950,3371
3951,1624
3952,1638
3953,3372
3954,3373
3955,1635
3956,3374
3957,1636
3958,3375
3959,1637
3960,3376
3961,1634
3962,1639
3963,3377
3964,1643
3965,3378
3966,1641
3967,3379
3968,3380
3969,3381
3970,1640
3971,3382
3972,3383
3973,3384
3974,1646
3975,1647
3976,1645
3977,1644
3978,1648
3979,3385
3980,3386
3981,1649
3982,1650
3983,3387
3984,3388
3985,3389
3986,3390
3987,3391
3988,3392
3989,3393
3990,3394
3991,1651
3992,1653
3993,3395
3994,1655
3995,1654
3996,1652
3997,3396
3998,3397
3999,3398
4000,3399
4001,1658
4002,1656
4003,1659
4004,3400
4005,1660
4006,3401
4007,3402
4008,3403
4009,3404
4010,1662
4011,3405
4012,3406
4013,3407
4014,1661
4015,1663
4016,3408
4017,1664
4018,1665
4019,3409
4020,1680
4021,1678
4022,3410
4023,3411
4024,1676
4025,1677
4026,3412
4027,3413
4028,1681
4029,1685
4030,3414
4031,3415
4032,3416
4033,1684
4034,3417
4035,3418
4036,1682
4037,1688
4038,1686
4039,3419
4040,1718
4041,1689
4042,3420
4043,3421
4044,1687
4045,3422
4046,1690
4047,3423
4048,1691
4049,1693
4050,3424
4051,1692
4052,3425
4053,3426
4054,1694
4055,3427
4056,3428
4057,3429
4058,1695
4059,1696
4060,1699
4061,3430
4062,3431
4063,3432
4064,1697
4065,1698
4066,3433
4067,1703
4068,1702
4069,1700
4070,1701
4071,1705
4072,1708
4073,3434
4074,3435
4075,1706
4076,3436
4077,1704
4078,3437
4079,3438
4080,1707
4081,3439
4082,3440
4083,3441
4084,1712
4085,1710
4086,3442
4087,3443
4088,1711
4089,3444
4090,1709
4091,3445
4092,3446
4093,1717
4094,1715
4095,1716
4096,1714
4097,3447
4098,3448
4099,3449
4100,1713
4101,3450
4102,3451
4103,3452
4104,3453
4105,1719
4106,1723
4107,1721
4108,3454
4109,3455
4110,1720
4111,1722
4112,1725
4113,3456
4114,3457
4115,1726
4116,3458
4117,3459
4118,1727
4119,1724
4120,3460
4121,1728
4122,3461
4123,1732
4124,1729
4125,3462
4126,3463
4127,1733
4128,3464
4129,1730
4130,3465
4131,3466
4132,1736
4133,1734
4134,1738
4135,3467
4136,1735
4137,1737
4138,3468
4139,3469
4140,3470
4141,3471
4142,1741
4143,1743
4144,3472
4145,3473
4146,3474
4147,1742
4148,1739
4149,3475
4150,1740
4151,3476
4152,3477
4153,3478
4154,3479
4155,1747
4156,1748
4157,1744
4158,1745
4159,3480
4160,1746
4161,3481
4162,3482
4163,1751
4164,1752
4165,3483
4166,3484
4167,1753
4168,1749
4169,1750
4170,3485
4171,3486
4172,3487
4173,1758
4174,3488
4175,1754
4176,1755
4177,1757
4178,1756
4179,3489
4180,3490
4181,3491
4182,3492
4183,1760
4184,1762
4185,1759
4186,3493
4187,3494
4188,1766
4189,1763
4190,1764
4191,1765
4192,3495
4193,3496
4194,3497
4195,3498
4196,1767
4197,3499
4198,1768
4199,3500
4200,3501
4201,3502
4202,3503
4203,1772
4204,1769
4205,1771
4206,1770
4207,3504
4208,3505
4209,1773
4210,3506
4211,3507
4212,1774
4213,3508
4214,1775
4215,3509
4216,1777
4217,1776
4218,1782
4219,3510
4220,1780
4221,1779
4222,1781
4223,1778
4224,3511
4225,3512
4226,3513
4227,3514
4228,1784
4229,3515
4230,1786
4231,3516
4232,1783
4233,3517
4234,1787
4235,1785
4236,3518
4237,3519
4238,3520
4239,1789
4240,1788
4241,1792
4242,3521
4243,1790
4244,3522
4245,3523
4246,3524
4247,3525
4248,3526
4249,1796
4250,3527
4251,1794
4252,3528
4253,1795
4254,3529
4255,1793
4256,3530
4257,1802
4258,1799
4259,3531
4260,3532
4261,3533
4262,1798
4263,3534
4264,1801
4265,1800
4266,3535
4267,3536
4268,3537
4269,1806
4270,3538
4271,1803
4272,1804
4273,3539
4274,1805
4275,3540
4276,1807
4277,3541
4278,1811
4279,3542
4280,3543
4281,1808
4282,1810
4283,1809
4284,3544
4285,1812
4286,1813
4287,3545
4288,3546
4289,3547
4290,1814
4291,3548
4292,3549
4293,1816
4294,1815
4295,1819
4296,3550
4297,3551
4298,3552
4299,1820
4300,1818
4301,3553
4302,3554
4303,1817
4304,1821
4305,1823
4306,3555
4307,3556
4308,1826
4309,1825
4310,3557
4311,3558
4312,3559
4313,1824
4314,1828
4315,1829
4316,1827
4317,3560
4318,1846
4319,3561
4320,3562
4321,3563
4322,3564
4323,3565
4324,3566
4325,1832
4326,3567
4327,3568
4328,3569
4329,3570
4330,3571
4331,3572
4332,1839
4333,1835
4334,1836
4335,1837
4336,3573
4337,3574
4338,1838
4339,3575
4340,1845
4341,3576
4342,3577
4343,3578
4344,3579
4345,1847
4346,1851
4347,3580
4348,1849
4349,3581
4350,3582
4351,1848
4352,3583
4353,1850
4354,1854
4355,1853
4356,1852
4357,3584
4358,3585
4359,1855
4360,3586
4361,3587
4362,3588
4363,1856
4364,1861
4365,1857
4366,1859
4367,1860
4368,3589
4369,3590
4370,3591
4371,1858
4372,3592
4373,3593
4374,1863
4375,3594
4376,3595
4377,1862
4378,3596
4379,1866
4380,1865
4381,1864
4382,3597
4383,3598
4384,3599
4385,1868
4386,1869
4387,3600
4388,3601
4389,1867
4390,3602
4391,1871
4392,1870
4393,1873
4394,3603
4395,1875
4396,1872
4397,3604
4398,3605
4399,1876
4400,1874
4401,3606
4402,3607
4403,3608
4404,3609
4405,1877
4406,3610
4407,1879
4408,1881
4409,1880
4410,3611
4411,1883
4412,1882
4413,3612
4414,1885
4415,1884
4416,3613
4417,3614
4418,3615
4419,3616
4420,3617
4421,3618
4422,1887
4423,3619
4424,1886
4425,1889
4426,3620
4427,1890
4428,3621
4429,1888
4430,3622
4431,3623
4432,1892
4433,3624
4434,1891
4435,3625
4436,1894
4437,1893
4438,3626
4439,3627
4440,1895
4441,1898
4442,3628
4443,3629
4444,1900
4445,3630
4446,3631
4447,1899
4448,1897
4449,3632
4450,1896
4451,1903
4452,3633
4453,3634
4454,3635
4455,1902
4456,1905
4457,3636
4458,3637
4459,1901
4460,3638
4461,1906
4462,1910
4463,3639
4464,3640
4465,1907
4466,3641
4467,3642
4468,1908
4469,1909
4470,3643
4471,3644
4472,1913
4473,1914
4474,1912
4475,3645
4476,3646
4477,3647
4478,3648
4479,1911
4480,3649
4481,3650
4482,1919
4483,3651
4484,3652
4485,1916
4486,1915
4487,3653
4488,1918
4489,1917
4490,3654
4491,1920
4492,1921
4493,3655
4494,1924
4495,3656
4496,1923
4497,1922
4498,3657
4499,3658
4500,1927
4501,3659
4502,1925
4503,1929
4504,1928
4505,3660
4506,1926
4507,3661
4508,3662
4509,3663
4510,1932
4511,3664
4512,3665
4513,3666
4514,1933
4515,1930
4516,3667
4517,1934
4518,1931
4519,3668
4520,1938
4521,1935
4522,1937
4523,3669
4524,1936
4525,1939
4526,3670
4527,3671
4528,3672
4529,3673
4530,1943
4531,1940
4532,1944
4533,3674
4534,3675
4535,1941
4536,1942
4537,3676
4538,3677
4539,3678
4540,3679
4541,3680
4542,1947
4543,1948
4544,1949
4545,1946
4546,3681
4547,3682
4548,3683
4549,1945
4550,1954
4551,3684
4552,3685
4553,1951
4554,3686
4555,3687
4556,1952
4557,1953
4558,3688
4559,1957
4560,1958
4561,3689
4562,3690
4563,3691
4564,3692
4565,1956
4566,3693
4567,3694
4568,1955
4569,1960
4570,3695
4571,3696
4572,1963
4573,3697
4574,1962
4575,3698
4576,3699
4577,1959
4578,1961
4579,1964
4580,3700
4581,3701
4582,1966
4583,1968
4584,3702
4585,1967
4586,1965
4587,3703
4588,3704
4589,3705
4590,1969
4591,3706
4592,1971
4593,1972
4594,1973
4595,1970
4596,3707
4597,3708
4598,3709
4599,1834
4600,3710
4601,3711
4602,3712
4603,1830
4604,3713
4605,1974
4606,1833
4607,1831
4608,3714
4609,3715
4610,3716
4611,1979
4612,1977
4613,1975
4614,1976
4615,3717
4616,3718
4617,1978
4618,3719
4619,3720
4620,3721
4621,1980
4622,1983
4623,1982
4624,3722
4625,3723
4626,1981
4627,1984
4628,3724
4629,3725
4630,3726
4631,3727
4632,1985
4633,3728
4634,1987
4635,3729
4636,1988
4637,3730
4638,1986
4639,1007
4640,1006
4641,1010
4642,1008
4643,1009
4644,1011
4645,1014
4646,1012
4647,1015
4648,1013
4649,2642
4650,2644
4651,1016
4652,1020
4653,2643
4654,1017
4655,1018
4656,2641
4657,1019
4658,2640
4659,1023
4660,1025
4661,1021
4662,1022
4663,1024
4664,2657
4665,2651
4666,2654
4667,3731
4668,3732
4669,2664
4670,2662
4671,2661
4672,2665
4673,2666
4674,1027
4675,1026
4676,1028
4677,1029
4678,1030
4679,1031
4680,1033
4681,1032
4682,1035
4683,1034
4684,1036
4685,1037
4686,1040
4687,1038
4688,1039
4689,2685
4690,2690
4691,2688
4692,3733
4693,2689
4694,1043
4695,1041
4696,1044
4697,1042
4698,1045
4699,1050
4700,1047
4701,1046
4702,1048
4703,1049
4704,1052
4705,1053
4706,1056
4707,1051
4708,1055
4709,1057
4710,1061
4711,1058
4712,1060
4713,1059
4714,1063
4715,1062
4716,1064
4717,1065
4718,1066
4719,1067
4720,1068
4721,1069
4722,1070
4723,1071
4724,2723
4725,2725
4726,2721
4727,2720
4728,2729
4729,2732
4730,2731
4731,2733
4732,2739
4733,2738
4734,2748
4735,2749
4736,2740
4737,2741
4738,3734
4739,1075
4740,1076
4741,1074
4742,1072
4743,1073
4744,2755
4745,2764
4746,2759
4747,2762
4748,2761
4749,2769
4750,2772
4751,2768
4752,2766
4753,2773
4754,2782
4755,2779
4756,2783
4757,2781
4758,2784
4759,2786
4760,2789
4761,2790
4762,2793
4763,2803
4764,2801
4765,2795
4766,2802
4767,2799
4768,2813
4769,2808
4770,2810
4771,2806
4772,2814
4773,2822
4774,3735
4775,2819
4776,2817
4777,2816
4778,2828
4779,2833
4780,2826
4781,2831
4782,2830
4783,2843
4784,2836
4785,2834
4786,2842
4787,1078
4788,1080
4789,1077
4790,1081
4791,1082
4792,1079
4793,3736
4794,1091
4795,1084
4796,1090
4797,1088
4798,1086
4799,1085
4800,1087
4801,1095
4802,1093
4803,1099
4804,1083
4805,1092
4806,1096
4807,1100
4808,1097
4809,1098
4810,1094
4811,1114
4812,1111
4813,1112
4814,1115
4815,1113
4816,1119
4817,1116
4818,1118
4819,1117
4820,1120
4821,1122
4822,1125
4823,1123
4824,1121
4825,1124
4826,1128
4827,1130
4828,1129
4829,1127
4830,1126
4831,1134
4832,1132
4833,1131
4834,1135
4835,1133
4836,1139
4837,1137
4838,1138
4839,1136
4840,1140
4841,1144
4842,1142
4843,1143
4844,1141
4845,1147
4846,1148
4847,1150
4848,1146
4849,1149
4850,1152
4851,1151
4852,1154
4853,1153
4854,1155
4855,1159
4856,1160
4857,1157
4858,1158
4859,1156
4860,1164
4861,1163
4862,1161
4863,1165
4864,1162
4865,1166
4866,1169
4867,1167
4868,1168
4869,1174
4870,1173
4871,1171
4872,1172
4873,1177
4874,1176
4875,1178
4876,1180
4877,1179
4878,1182
4879,1184
4880,1181
4881,1185
4882,1183
4883,1189
4884,1187
4885,1188
4886,1190
4887,1186
4888,1192
4889,1194
4890,1195
4891,1193
4892,1191
4893,1196
4894,1198
4895,1199
4896,1200
4897,1197
4898,1204
4899,1202
4900,1201
4901,2963
4902,1203
4903,1205
4904,1206
4905,1209
4906,1208
4907,1207
4908,1211
4909,1210
4910,1213
4911,1212
4912,1214
4913,1219
4914,1218
4915,1217
4916,1216
4917,1215
4918,1223
4919,1222
4920,1220
4921,1237
4922,1235
4923,1236
4924,1233
4925,1234
4926,1238
4927,1242
4928,1240
4929,1239
4930,1241
4931,1247
4932,1245
4933,1243
4934,1244
4935,1246
4936,1251
4937,1248
4938,1249
4939,1250
4940,1252
4941,1254
4942,1256
4943,1255
4944,1253
4945,1257
4946,1259
4947,1262
4948,1261
4949,1258
4950,1260
4951,1263
4952,1266
4953,1267
4954,1265
4955,1264
4956,1270
4957,1268
4958,1272
4959,1269
4960,1271
4961,1277
4962,1273
4963,1276
4964,1274
4965,1281
4966,1282
4967,1279
4968,1280
4969,1278
4970,1286
4971,1287
4972,1284
4973,1283
4974,1285
4975,1292
4976,1291
4977,1289
4978,1288
4979,1290
4980,1293
4981,1295
4982,3047
4983,1296
4984,1294
4985,1301
4986,1298
4987,1297
4988,1299
4989,1300
4990,3055
4991,3060
4992,3056
4993,3057
4994,1308
4995,1304
4996,1305
4997,1306
4998,1307
4999,1313
5000,1310
5001,1309
5002,1312
5003,1311
5004,1316
5005,1315
5006,1318
5007,1314
5008,1317
5009,1319
5010,1322
5011,1323
5012,1320
5013,1321
5014,1325
5015,1324
5016,1303
5017,1302
5018,1326
5019,1331
5020,1328
5021,1327
5022,1329
5023,1330
5024,1334
5025,1333
5026,1335
5027,1336
5028,1332
5029,1339
5030,1340
5031,1338
5032,1341
5033,1337
5034,1344
5035,1342
5036,1346
5037,1345
5038,1343
5039,1348
5040,1347
5041,1349
5042,1351
5043,1350
5044,1353
5045,1356
5046,1355
5047,1354
5048,1352
5049,1357
5050,1360
5051,1358
5052,1361
5053,1359
5054,1366
5055,1362
5056,1365
5057,1363
5058,1364
5059,1376
5060,1378
5061,1379
5062,1377
5063,1385
5064,1382
5065,1384
5066,1383
5067,1381
5068,1389
5069,1390
5070,1386
5071,1387
5072,1388
5073,1395
5074,1392
5075,1391
5076,1394
5077,1393
5078,1399
5079,1396
5080,1400
5081,1397
5082,1398
5083,1403
5084,1401
5085,1402
5086,1404
5087,1405
5088,1406
5089,1409
5090,1411
5091,1407
5092,1408
5093,1410
5094,1413
5095,1415
5096,1414
5097,1412
5098,1416
5099,1420
5100,1417
5101,1418
5102,1419
5103,1421
5104,1465
5105,1423
5106,1424
5107,1427
5108,1426
5109,1425
5110,1432
5111,1428
5112,1429
5113,1431
5114,1430
5115,1433
5116,1435
5117,1437
5118,1434
5119,1436
5120,1441
5121,1440
5122,1442
5123,1439
5124,1445
5125,1446
5126,1444
5127,1443
5128,1447
5129,1452
5130,1448
5131,1451
5132,1450
5133,1449
5134,1455
5135,1454
5136,1453
5137,1457
5138,1456
5139,1458
5140,1459
5141,1460
5142,1461
5143,1462
5144,1422
5145,1463
5146,1467
5147,1464
5148,1466
5149,1469
5150,1472
5151,1468
5152,1471
5153,1470
5154,3232
5155,3227
5156,1473
5157,3228
5158,1476
5159,1477
5160,1475
5161,1474
5162,1483
5163,1481
5164,1482
5165,1480
5166,1479
5167,1485
5168,1488
5169,1486
5170,1487
5171,1484
5172,1490
5173,1491
5174,1489
5175,1492
5176,1493
5177,1494
5178,1496
5179,1495
5180,1498
5181,1497
5182,1502
5183,1501
5184,1500
5185,1503
5186,1499
5187,1508
5188,1504
5189,1505
5190,1507
5191,1509
5192,1511
5193,1510
5194,1513
5195,1512
5196,1515
5197,1517
5198,1518
5199,1514
5200,1516
5201,1523
5202,1521
5203,1519
5204,1520
5205,1522
5206,1535
5207,1537
5208,1534
5209,1538
5210,1536
5211,1539
5212,1542
5213,1540
5214,1543
5215,1541
5216,1544
5217,1546
5218,1545
5219,1547
5220,1548
5221,1553
5222,1550
5223,1552
5224,1551
5225,1549
5226,1556
5227,1557
5228,1555
5229,1558
5230,1563
5231,1562
5232,1560
5233,1561
5234,1559
5235,1567
5236,1564
5237,1568
5238,1565
5239,1566
5240,1573
5241,1572
5242,1570
5243,1569
5244,1571
5245,1576
5246,1577
5247,1578
5248,1574
5249,1575
5250,1580
5251,1581
5252,1583
5253,1579
5254,1582
5255,1584
5256,1586
5257,1585
5258,1588
5259,1587
5260,1591
5261,1589
5262,1590
5263,1593
5264,1592
5265,1598
5266,1595
5267,1597
5268,1596
5269,1601
5270,1600
5271,1603
5272,1602
5273,1599
5274,1607
5275,1605
5276,1604
5277,1606
5278,1608
5279,1612
5280,1609
5281,1613
5282,1611
5283,1610
5284,1615
5285,1616
5286,1614
5287,1617
5288,1618
5289,1622
5290,1620
5291,1623
5292,1621
5293,1619
5294,1627
5295,1625
5296,1628
5297,1624
5298,1626
5299,1637
5300,1635
5301,1636
5302,1638
5303,1634
5304,1641
5305,1639
5306,1643
5307,1640
5308,1642
5309,1646
5310,1647
5311,1645
5312,1644
5313,1650
5314,3387
5315,3393
5316,1649
5317,3389
5318,1652
5319,1653
5320,1655
5321,1654
5322,1651
5323,1657
5324,1656
5325,1658
5326,1659
5327,1660
5328,1664
5329,1661
5330,1662
5331,1665
5332,1663
5333,1680
5334,1678
5335,1676
5336,1679
5337,1677
5338,1684
5339,1683
5340,1681
5341,1682
5342,1685
5343,1689
5344,1686
5345,1688
5346,1687
5347,1691
5348,1690
5349,1694
5350,1693
5351,1692
5352,3425
5353,1697
5354,1696
5355,1699
5356,1695
5357,1698
5358,1700
5359,1702
5360,3433
5361,1701
5362,1706
5363,1704
5364,1705
5365,1708
5366,1707
5367,1709
5368,1712
5369,1710
5370,1711
5371,3439
5372,1716
5373,1714
5374,1715
5375,1713
5376,1717
5377,1718
5378,1721
5379,1720
5380,1722
5381,1719
5382,1723
5383,1727
5384,1724
5385,1725
5386,1726
5387,1728
5388,1732
5389,1729
5390,1731
5391,1730
5392,1733
5393,1735
5394,1738
5395,1737
5396,1734
5397,1736
5398,1740
5399,1739
5400,1742
5401,1743
5402,1741
5403,1744
5404,1747
5405,1746
5406,1745
5407,1748
5408,1752
5409,1753
5410,1749
5411,1750
5412,1751
5413,1758
5414,1757
5415,1755
5416,1754
5417,1756
5418,1760
5419,1761
5420,1759
5421,3493
5422,1762
5423,1764
5424,1766
5425,1767
5426,1763
5427,1765
5428,1772
5429,1768
5430,1770
5431,1771
5432,1769
5433,1773
5434,1777
5435,1774
5436,1776
5437,1775
5438,1778
5439,1782
5440,1781
5441,1780
5442,1779
5443,1787
5444,1784
5445,1786
5446,1783
5447,1785
5448,1789
5449,1788
5450,1791
5451,1792
5452,1790
5453,1797
5454,1794
5455,1793
5456,1795
5457,1796
5458,1802
5459,1799
5460,1800
5461,1801
5462,1798
5463,3537
5464,1806
5465,1803
5466,1804
5467,1808
5468,1810
5469,1811
5470,1807
5471,1809
5472,1813
5473,1812
5474,1815
5475,1814
5476,1816
5477,1821
5478,1818
5479,1820
5480,1819
5481,1817
5482,1825
5483,1823
5484,1824
5485,1822
5486,1826
5487,1846
5488,1974
5489,1830
5490,1831
5491,1834
5492,1833
5493,1836
5494,1839
5495,1837
5496,1835
5497,1838
5498,1827
5499,1828
5500,1829
5501,1845
5502,1848
5503,1850
5504,1847
5505,1849
5506,1851
5507,1852
5508,1856
5509,1853
5510,1854
5511,1855
5512,1858
5513,1861
5514,1857
5515,1860
5516,1859
5517,1866
5518,1863
5519,1864
5520,3596
5521,1865
5522,1867
5523,1868
5524,1869
5525,1870
5526,1871
5527,1874
5528,1875
5529,1872
5530,1876
5531,1873
5532,1877
5533,1881
5534,1880
5535,1878
5536,1879
5537,1884
5538,1882
5539,1883
5540,3612
5541,1888
5542,1887
5543,1889
5544,1890
5545,1886
5546,1892
5547,1895
5548,1893
5549,1891
5550,1894
5551,1898
5552,1896
5553,1900
5554,1899
5555,1897
5556,1901
5557,1904
5558,1905
5559,1903
5560,1902
5561,1910
5562,1908
5563,1906
5564,1909
5565,1907
5566,1912
5567,1913
5568,1914
5569,3643
5570,1911
5571,1915
5572,1919
5573,1916
5574,1918
5575,1917
5576,1921
5577,1922
5578,1924
5579,1923
5580,1920
5581,1928
5582,1926
5583,3661
5584,1925
5585,1927
5586,1929
5587,1933
5588,1930
5589,1932
5590,1931
5591,1934
5592,1936
5593,1938
5594,1935
5595,1939
5596,1937
5597,1941
5598,1942
5599,1943
5600,1940
5601,1945
5602,1947
5603,1949
5604,1948
5605,1946
5606,1950
5607,1952
5608,1951
5609,1954
5610,1953
5611,3691
5612,1958
5613,1955
5614,1957
5615,1956
5616,1959
5617,1961
5618,1960
5619,1963
5620,1962
5621,1966
5622,1965
5623,1964
5624,1968
5625,1967
5626,1970
5627,1973
5628,1969
5629,1972
5630,1971
5631,1976
5632,1978
5633,1977
5634,1979
5635,1975
5636,1984
5637,1980
5638,1983
5639,1982
5640,1981
5641,1985
5642,3727
5643,1988
5644,1986
5645,1987
